ds4: Linux rocm backend set oom_score_adj=1000
ds4: per_tier_overhead = 3.99 GiB (cuda_tensor_parallel=0)
ds4: GPU0 original vram_bytes = 29.79 GiB
ds4: GPU0 post-overhead vram_bytes = 25.80 GiB
ds4: GPU1 original vram_bytes = 29.79 GiB
ds4: GPU1 post-overhead vram_bytes = 25.80 GiB
ds4: GPU2 original vram_bytes = 29.79 GiB
ds4: GPU2 post-overhead vram_bytes = 25.80 GiB
ds4: GPU3 original vram_bytes = 29.79 GiB
ds4: GPU3 post-overhead vram_bytes = 25.80 GiB
ds4: ROCm backend initialized on AMD Radeon AI Pro R9700 dev=0 (tier 0)
ds4: ROCm backend initialized on AMD Radeon AI Pro R9700 dev=1 (tier 1)
ds4: ROCm backend initialized on AMD Radeon AI Pro R9700 dev=2 (tier 2)
ds4: ROCm backend initialized on AMD Radeon AI Pro R9700 dev=3 (tier 3)
ds4: ROCm peer access tier 0<->1: direct
ds4: ROCm peer access tier 0<->2: direct
ds4: ROCm peer access tier 0<->3: direct
ds4: ROCm backend initialized on AMD Radeon AI Pro R9700 (sm_120)
multi-GPU layout:
  GPU0: layers 0-12 + embedding  (25.0 / 25.8 GB)
  GPU1: layers 13-25  (24.1 / 25.8 GB)
  GPU2: layers 26-38  (24.1 / 25.8 GB)
  GPU3: layers 39-42 + output head  (7.9 / 25.8 GB)
ds4: per-tier graph scratch reserved: 3.99 GiB (pre-subtracted from each GPU budget)
ds4: peer access matrix (validated): 0->1 DIRECT 0->2 DIRECT 0->3 DIRECT 1->0 DIRECT 1->2 DIRECT 1->3 DIRECT 2->0 DIRECT 2->1 DIRECT 2->3 DIRECT 3->0 DIRECT 3->1 DIRECT 3->2 DIRECT
ds4: CUDA tier 0 (device 0) selective weights: 24.93 GiB in 393 ranges
ds4: CUDA tier 1 (device 1) selective weights: 23.95 GiB in 400 ranges
ds4: CUDA tier 2 (device 2) selective weights: 23.98 GiB in 406 ranges
ds4: CUDA tier 3 (device 3) selective weights: 7.90 GiB in 129 ranges
ds4: ROCm q8 fp16 cache budget exhausted; using q8 kernels (request=64.00 MiB cached=0.73 GiB free=1.65 GiB reserve=1.59 GiB total=31.86 GiB)
ds4: ROCm loading model tensors into device cache
case_000 cases=1 prompt=17 target=24 avg_nll=0.411252 lcp=0 api_target_mae=0.411252 api_top_coverage=100/120 api_top1=0.833 api_topn=0.340 api_pair=0.961
case_001 cases=2 prompt=18 target=24 avg_nll=0.288821 lcp=18 api_target_mae=0.288821 api_top_coverage=100/120 api_top1=0.917 api_topn=0.270 api_pair=1.000
case_002 cases=3 prompt=19 target=24 avg_nll=0.248007 lcp=0 api_target_mae=0.248007 api_top_coverage=96/120 api_top1=0.875 api_topn=0.260 api_pair=1.000
case_003 cases=4 prompt=19 target=24 avg_nll=0.342425 lcp=13 api_target_mae=0.342425 api_top_coverage=97/120 api_top1=0.958 api_topn=0.247 api_pair=1.000
case_004 cases=5 prompt=15 target=24 avg_nll=0.740496 lcp=2 api_target_mae=0.740496 api_top_coverage=97/120 api_top1=0.625 api_topn=0.268 api_pair=1.000
case_005 cases=6 prompt=14 target=24 avg_nll=0.043880 lcp=24 api_target_mae=0.043880 api_top_coverage=96/120 api_top1=1.000 api_topn=0.250 api_pair=1.000
case_006 cases=7 prompt=18 target=24 avg_nll=0.476616 lcp=4 api_target_mae=0.476616 api_top_coverage=98/120 api_top1=0.792 api_topn=0.276 api_pair=1.000
case_007 cases=8 prompt=14 target=24 avg_nll=0.493182 lcp=0 api_target_mae=0.493182 api_top_coverage=119/120 api_top1=0.875 api_topn=0.790 api_pair=0.968
case_008 cases=9 prompt=20 target=24 avg_nll=0.348528 lcp=7 api_target_mae=0.348528 api_top_coverage=97/120 api_top1=0.833 api_topn=0.258 api_pair=1.000
case_009 cases=10 prompt=17 target=24 avg_nll=0.238775 lcp=7 api_target_mae=0.238775 api_top_coverage=106/120 api_top1=0.875 api_topn=0.462 api_pair=0.988
case_010 cases=11 prompt=26 target=24 avg_nll=0.225895 lcp=0 api_target_mae=0.225895 api_top_coverage=96/120 api_top1=0.875 api_topn=0.250 api_pair=1.000
case_011 cases=12 prompt=21 target=24 avg_nll=0.221383 lcp=19 api_target_mae=0.221383 api_top_coverage=98/120 api_top1=0.917 api_topn=0.255 api_pair=1.000
case_012 cases=13 prompt=22 target=24 avg_nll=0.231319 lcp=0 api_target_mae=0.231319 api_top_coverage=100/120 api_top1=0.875 api_topn=0.260 api_pair=0.987
case_013 cases=14 prompt=22 target=24 avg_nll=0.389155 lcp=0 api_target_mae=0.389155 api_top_coverage=97/120 api_top1=0.833 api_topn=0.299 api_pair=0.959
case_014 cases=15 prompt=21 target=24 avg_nll=0.609069 lcp=0 api_target_mae=0.609069 api_top_coverage=98/120 api_top1=0.875 api_topn=0.255 api_pair=0.986
case_015 cases=16 prompt=22 target=24 avg_nll=0.056783 lcp=18 api_target_mae=0.056783 api_top_coverage=96/120 api_top1=0.958 api_topn=0.250 api_pair=1.000
case_016 cases=17 prompt=19 target=24 avg_nll=0.405034 lcp=2 api_target_mae=0.405034 api_top_coverage=97/120 api_top1=0.875 api_topn=0.268 api_pair=1.000
case_017 cases=18 prompt=26 target=24 avg_nll=0.412600 lcp=0 api_target_mae=0.412600 api_top_coverage=96/120 api_top1=0.875 api_topn=0.260 api_pair=0.986
case_018 cases=19 prompt=25 target=24 avg_nll=0.150456 lcp=12 api_target_mae=0.150456 api_top_coverage=115/120 api_top1=0.958 api_topn=0.687 api_pair=0.989
case_019 cases=20 prompt=19 target=24 avg_nll=0.287745 lcp=18 api_target_mae=0.287745 api_top_coverage=98/120 api_top1=0.917 api_topn=0.265 api_pair=1.000
case_020 cases=21 prompt=18 target=24 avg_nll=0.385317 lcp=0 api_target_mae=0.385317 api_top_coverage=96/120 api_top1=0.958 api_topn=0.240 api_pair=1.000
case_021 cases=22 prompt=18 target=24 avg_nll=0.034895 lcp=13 api_target_mae=0.034895 api_top_coverage=96/120 api_top1=0.958 api_topn=0.250 api_pair=1.000
case_022 cases=23 prompt=16 target=24 avg_nll=0.439011 lcp=3 api_target_mae=0.439011 api_top_coverage=100/120 api_top1=0.875 api_topn=0.260 api_pair=1.000
case_023 cases=24 prompt=14 target=24 avg_nll=0.583586 lcp=0 api_target_mae=0.583586 api_top_coverage=114/120 api_top1=0.750 api_topn=0.675 api_pair=0.925
case_024 cases=25 prompt=15 target=24 avg_nll=0.432553 lcp=1 api_target_mae=0.432553 api_top_coverage=102/120 api_top1=0.917 api_topn=0.314 api_pair=0.987
case_025 cases=26 prompt=20 target=24 avg_nll=0.147542 lcp=21 api_target_mae=0.147542 api_top_coverage=97/120 api_top1=0.958 api_topn=0.278 api_pair=1.000
case_026 cases=27 prompt=17 target=24 avg_nll=0.216378 lcp=16 api_target_mae=0.216378 api_top_coverage=98/120 api_top1=0.917 api_topn=0.245 api_pair=1.000
case_027 cases=28 prompt=14 target=24 avg_nll=0.680399 lcp=7 api_target_mae=0.680399 api_top_coverage=97/120 api_top1=0.792 api_topn=0.268 api_pair=1.000
case_028 cases=29 prompt=16 target=24 avg_nll=0.611097 lcp=2 api_target_mae=0.611097 api_top_coverage=97/120 api_top1=0.667 api_topn=0.268 api_pair=1.000
case_029 cases=30 prompt=18 target=24 avg_nll=0.558121 lcp=6 api_target_mae=0.558121 api_top_coverage=119/120 api_top1=0.875 api_topn=0.731 api_pair=0.937
case_030 cases=31 prompt=23 target=24 avg_nll=0.338329 lcp=0 api_target_mae=0.338329 api_top_coverage=97/120 api_top1=0.917 api_topn=0.278 api_pair=0.945
case_031 cases=32 prompt=22 target=24 avg_nll=0.028796 lcp=24 api_target_mae=0.028796 api_top_coverage=97/120 api_top1=1.000 api_topn=0.278 api_pair=1.000
case_032 cases=33 prompt=18 target=24 avg_nll=0.435050 lcp=0 api_target_mae=0.435050 api_top_coverage=97/120 api_top1=0.833 api_topn=0.247 api_pair=0.986
case_033 cases=34 prompt=15 target=24 avg_nll=0.447606 lcp=0 api_target_mae=0.447606 api_top_coverage=97/120 api_top1=0.792 api_topn=0.278 api_pair=0.986
case_034 cases=35 prompt=22 target=24 avg_nll=0.128587 lcp=17 api_target_mae=0.128587 api_top_coverage=97/120 api_top1=0.958 api_topn=0.278 api_pair=1.000
case_035 cases=36 prompt=23 target=24 avg_nll=0.420880 lcp=1 api_target_mae=0.420880 api_top_coverage=96/120 api_top1=0.833 api_topn=0.250 api_pair=1.000
case_036 cases=37 prompt=21 target=24 avg_nll=0.350854 lcp=13 api_target_mae=0.350854 api_top_coverage=96/120 api_top1=0.833 api_topn=0.260 api_pair=1.000
case_037 cases=38 prompt=18 target=24 avg_nll=0.481090 lcp=0 api_target_mae=0.481090 api_top_coverage=97/120 api_top1=0.833 api_topn=0.289 api_pair=0.973
case_038 cases=39 prompt=26 target=24 avg_nll=0.271011 lcp=2 api_target_mae=0.271011 api_top_coverage=97/120 api_top1=0.875 api_topn=0.247 api_pair=1.000
case_039 cases=40 prompt=23 target=24 avg_nll=0.634218 lcp=7 api_target_mae=0.634218 api_top_coverage=99/120 api_top1=0.833 api_topn=0.253 api_pair=1.000
case_040 cases=41 prompt=21 target=24 avg_nll=0.306288 lcp=9 api_target_mae=0.306288 api_top_coverage=99/120 api_top1=0.875 api_topn=0.283 api_pair=1.000
case_041 cases=42 prompt=15 target=24 avg_nll=0.646581 lcp=5 api_target_mae=0.646581 api_top_coverage=101/120 api_top1=0.750 api_topn=0.248 api_pair=0.987
case_042 cases=43 prompt=14 target=24 avg_nll=0.491222 lcp=1 api_target_mae=0.491222 api_top_coverage=100/120 api_top1=0.833 api_topn=0.280 api_pair=1.000
case_043 cases=44 prompt=18 target=24 avg_nll=0.059582 lcp=24 api_target_mae=0.059582 api_top_coverage=100/120 api_top1=1.000 api_topn=0.260 api_pair=1.000
case_044 cases=45 prompt=20 target=24 avg_nll=0.337008 lcp=0 api_target_mae=0.337008 api_top_coverage=98/120 api_top1=0.875 api_topn=0.265 api_pair=0.986
case_045 cases=46 prompt=18 target=24 avg_nll=0.591348 lcp=3 api_target_mae=0.591348 api_top_coverage=100/120 api_top1=0.708 api_topn=0.250 api_pair=1.000
case_046 cases=47 prompt=19 target=24 avg_nll=0.542926 lcp=0 api_target_mae=0.542926 api_top_coverage=99/120 api_top1=0.875 api_topn=0.283 api_pair=0.974
case_047 cases=48 prompt=16 target=24 avg_nll=0.406367 lcp=0 api_target_mae=0.406367 api_top_coverage=100/120 api_top1=0.833 api_topn=0.290 api_pair=0.987
case_048 cases=49 prompt=18 target=24 avg_nll=0.381612 lcp=1 api_target_mae=0.381612 api_top_coverage=96/120 api_top1=0.875 api_topn=0.250 api_pair=1.000
case_049 cases=50 prompt=18 target=24 avg_nll=0.431861 lcp=7 api_target_mae=0.431861 api_top_coverage=96/120 api_top1=0.792 api_topn=0.250 api_pair=1.000
case_050 cases=51 prompt=27 target=24 avg_nll=0.280300 lcp=11 api_target_mae=0.280300 api_top_coverage=97/120 api_top1=0.875 api_topn=0.247 api_pair=1.000
case_051 cases=52 prompt=21 target=24 avg_nll=0.195629 lcp=6 api_target_mae=0.195629 api_top_coverage=120/120 api_top1=0.917 api_topn=0.725 api_pair=0.979
case_052 cases=53 prompt=19 target=24 avg_nll=0.636074 lcp=0 api_target_mae=0.636074 api_top_coverage=119/120 api_top1=0.583 api_topn=0.782 api_pair=0.908
case_053 cases=54 prompt=22 target=24 avg_nll=0.182165 lcp=11 api_target_mae=0.182165 api_top_coverage=120/120 api_top1=0.917 api_topn=0.783 api_pair=0.979
case_054 cases=55 prompt=24 target=24 avg_nll=0.084852 lcp=0 api_target_mae=0.084852 api_top_coverage=96/120 api_top1=0.958 api_topn=0.250 api_pair=1.000
case_055 cases=56 prompt=25 target=24 avg_nll=1.055918 lcp=7 api_target_mae=1.055918 api_top_coverage=96/120 api_top1=0.750 api_topn=0.250 api_pair=1.000
case_056 cases=57 prompt=18 target=24 avg_nll=0.576782 lcp=0 api_target_mae=0.576782 api_top_coverage=97/120 api_top1=0.833 api_topn=0.237 api_pair=1.000
case_057 cases=58 prompt=22 target=24 avg_nll=0.457159 lcp=0 api_target_mae=0.457159 api_top_coverage=98/120 api_top1=0.833 api_topn=0.276 api_pair=0.973
case_058 cases=59 prompt=25 target=24 avg_nll=0.217567 lcp=4 api_target_mae=0.217567 api_top_coverage=97/120 api_top1=0.833 api_topn=0.268 api_pair=1.000
case_059 cases=60 prompt=23 target=24 avg_nll=0.458602 lcp=0 api_target_mae=0.458602 api_top_coverage=96/120 api_top1=0.875 api_topn=0.240 api_pair=1.000
case_060 cases=61 prompt=17 target=24 avg_nll=0.044922 lcp=19 api_target_mae=0.044922 api_top_coverage=97/120 api_top1=0.958 api_topn=0.289 api_pair=1.000
case_061 cases=62 prompt=16 target=24 avg_nll=0.428529 lcp=5 api_target_mae=0.428529 api_top_coverage=97/120 api_top1=0.833 api_topn=0.268 api_pair=0.986
case_062 cases=63 prompt=14 target=24 avg_nll=0.433425 lcp=14 api_target_mae=0.433425 api_top_coverage=97/120 api_top1=0.833 api_topn=0.299 api_pair=1.000
case_063 cases=64 prompt=15 target=24 avg_nll=0.136416 lcp=11 api_target_mae=0.136416 api_top_coverage=97/120 api_top1=0.958 api_topn=0.268 api_pair=1.000
case_064 cases=65 prompt=12 target=24 avg_nll=0.386380 lcp=7 api_target_mae=0.386380 api_top_coverage=97/120 api_top1=0.917 api_topn=0.247 api_pair=1.000
case_065 cases=66 prompt=15 target=24 avg_nll=0.322665 lcp=1 api_target_mae=0.322665 api_top_coverage=97/120 api_top1=0.875 api_topn=0.247 api_pair=1.000
case_066 cases=67 prompt=16 target=24 avg_nll=0.544719 lcp=7 api_target_mae=0.544719 api_top_coverage=99/120 api_top1=0.750 api_topn=0.263 api_pair=1.000
case_067 cases=68 prompt=17 target=24 avg_nll=0.349906 lcp=6 api_target_mae=0.349906 api_top_coverage=98/120 api_top1=0.833 api_topn=0.296 api_pair=1.000
case_068 cases=69 prompt=17 target=24 avg_nll=0.640426 lcp=4 api_target_mae=0.640426 api_top_coverage=99/120 api_top1=0.750 api_topn=0.253 api_pair=1.000
case_069 cases=70 prompt=18 target=24 avg_nll=0.371301 lcp=1 api_target_mae=0.371301 api_top_coverage=99/120 api_top1=0.875 api_topn=0.273 api_pair=1.000
case_070 cases=71 prompt=24 target=24 avg_nll=0.175939 lcp=3 api_target_mae=0.175939 api_top_coverage=97/120 api_top1=0.917 api_topn=0.289 api_pair=1.000
case_071 cases=72 prompt=24 target=24 avg_nll=0.539114 lcp=0 api_target_mae=0.539114 api_top_coverage=97/120 api_top1=0.792 api_topn=0.258 api_pair=1.000
case_072 cases=73 prompt=17 target=24 avg_nll=0.278130 lcp=0 api_target_mae=0.278130 api_top_coverage=97/120 api_top1=0.958 api_topn=0.289 api_pair=0.959
case_073 cases=74 prompt=15 target=24 avg_nll=0.183577 lcp=6 api_target_mae=0.183577 api_top_coverage=97/120 api_top1=0.917 api_topn=0.278 api_pair=1.000
case_074 cases=75 prompt=15 target=24 avg_nll=0.348487 lcp=0 api_target_mae=0.348487 api_top_coverage=96/120 api_top1=0.875 api_topn=0.260 api_pair=0.986
case_075 cases=76 prompt=16 target=24 avg_nll=0.155431 lcp=6 api_target_mae=0.155431 api_top_coverage=97/120 api_top1=0.917 api_topn=0.268 api_pair=1.000
case_076 cases=77 prompt=22 target=24 avg_nll=0.061630 lcp=24 api_target_mae=0.061630 api_top_coverage=97/120 api_top1=1.000 api_topn=0.289 api_pair=1.000
case_077 cases=78 prompt=24 target=24 avg_nll=0.177501 lcp=8 api_target_mae=0.177501 api_top_coverage=96/120 api_top1=0.917 api_topn=0.250 api_pair=1.000
case_078 cases=79 prompt=28 target=24 avg_nll=0.733380 lcp=0 api_target_mae=0.733380 api_top_coverage=97/120 api_top1=0.792 api_topn=0.268 api_pair=0.986
case_079 cases=80 prompt=20 target=24 avg_nll=0.403275 lcp=4 api_target_mae=0.403275 api_top_coverage=99/120 api_top1=0.875 api_topn=0.263 api_pair=1.000
case_080 cases=81 prompt=13 target=24 avg_nll=0.900411 lcp=5 api_target_mae=0.900411 api_top_coverage=119/120 api_top1=0.667 api_topn=0.756 api_pair=0.878
case_081 cases=82 prompt=13 target=24 avg_nll=0.341072 lcp=0 api_target_mae=0.341072 api_top_coverage=99/120 api_top1=0.833 api_topn=0.273 api_pair=0.987
case_082 cases=83 prompt=16 target=24 avg_nll=0.161874 lcp=9 api_target_mae=0.161874 api_top_coverage=97/120 api_top1=0.958 api_topn=0.278 api_pair=1.000
case_083 cases=84 prompt=19 target=17 avg_nll=0.002030 lcp=17 api_target_mae=0.002030 api_top_coverage=68/85 api_top1=1.000 api_topn=0.265 api_pair=1.000
case_084 cases=85 prompt=23 target=11 avg_nll=0.267400 lcp=0 api_target_mae=0.267400 api_top_coverage=45/55 api_top1=0.818 api_topn=0.289 api_pair=0.971
case_085 cases=86 prompt=18 target=24 avg_nll=0.247801 lcp=11 api_target_mae=0.247801 api_top_coverage=97/120 api_top1=0.875 api_topn=0.278 api_pair=1.000
case_086 cases=87 prompt=16 target=24 avg_nll=0.534760 lcp=8 api_target_mae=0.534760 api_top_coverage=96/120 api_top1=0.750 api_topn=0.250 api_pair=1.000
case_087 cases=88 prompt=12 target=24 avg_nll=0.266607 lcp=3 api_target_mae=0.266607 api_top_coverage=97/120 api_top1=0.917 api_topn=0.299 api_pair=1.000
case_088 cases=89 prompt=14 target=24 avg_nll=0.531768 lcp=4 api_target_mae=0.531768 api_top_coverage=97/120 api_top1=0.792 api_topn=0.278 api_pair=1.000
case_089 cases=90 prompt=12 target=24 avg_nll=0.181047 lcp=3 api_target_mae=0.181047 api_top_coverage=98/120 api_top1=0.917 api_topn=0.265 api_pair=1.000
case_090 cases=91 prompt=17 target=24 avg_nll=0.531722 lcp=0 api_target_mae=0.531722 api_top_coverage=96/120 api_top1=0.833 api_topn=0.260 api_pair=1.000
case_091 cases=92 prompt=14 target=24 avg_nll=0.887402 lcp=0 api_target_mae=0.887402 api_top_coverage=96/120 api_top1=0.708 api_topn=0.271 api_pair=1.000
case_092 cases=93 prompt=15 target=24 avg_nll=0.105787 lcp=20 api_target_mae=0.105787 api_top_coverage=97/120 api_top1=0.917 api_topn=0.268 api_pair=1.000
case_093 cases=94 prompt=17 target=24 avg_nll=0.594467 lcp=0 api_target_mae=0.594467 api_top_coverage=99/120 api_top1=0.792 api_topn=0.263 api_pair=0.973
case_094 cases=95 prompt=16 target=1 avg_nll=4.850334 lcp=0 api_target_mae=4.850334 api_top_coverage=5/5 api_top1=0.000 api_topn=0.400 api_pair=0.750
case_095 cases=96 prompt=17 target=13 avg_nll=0.033305 lcp=13 api_target_mae=0.033305 api_top_coverage=52/65 api_top1=1.000 api_topn=0.250 api_pair=1.000
case_096 cases=97 prompt=15 target=6 avg_nll=0.210167 lcp=5 api_target_mae=0.210167 api_top_coverage=24/30 api_top1=0.833 api_topn=0.250 api_pair=1.000
case_097 cases=98 prompt=22 target=10 avg_nll=0.000671 lcp=10 api_target_mae=0.000671 api_top_coverage=49/50 api_top1=1.000 api_topn=0.796 api_pair=1.000
case_098 cases=99 prompt=20 target=8 avg_nll=0.056910 lcp=8 api_target_mae=0.056910 api_top_coverage=38/40 api_top1=1.000 api_topn=0.632 api_pair=1.000
case_099 cases=100 prompt=22 target=15 avg_nll=0.335498 lcp=14 api_target_mae=0.335498 api_top_coverage=60/75 api_top1=0.933 api_topn=0.267 api_pair=1.000
summary cases=100 tokens=2289 avg_nll=0.369195970 first_match=68 avg_lcp=6.220
api_summary ref_tokens=2289 target_tokens=2289 target_mae=0.369195970 target_mean_delta=-0.369195970 top_items=11445 top_mapped=9484 top_coverage=0.828658803 top1_match=1977/2289 top1_rate=0.863695937 topn_hit=3040/9484 topn_recall=0.320539857 top_logprob_count=9484 top_mae=7566.536648077 top_mean_delta=7566.358434332 pair_agree=7128/7207 pair_rate=0.989038435
