# Provenance
# HEAD SHA: a0ab65eff134ae02a8c45d8aef7f7490af01268d (rebase of gfx1201_tp onto origin/main)
# Build command: make -B ROCM_ARCH=gfx1201 rocm rocm-quality -j8
# Binary mtime: 2026-08-04 05:15:17.473368013 +0000
# Invocation: AMD_SERIALIZE_KERNEL=3 gguf-tools/quality-testing/score_official MODEL gguf-tools/quality-testing/data/flash/manifest.tsv OUT.tsv 4096 --gpu-devices 0,1,2,3 [--cuda-tensor-parallel]
ds4: Linux rocm backend set oom_score_adj=1000
ds4: per_tier_overhead = 3.99 GiB (cuda_tensor_parallel=0)
ds4: GPU0 original vram_bytes = 29.79 GiB
ds4: GPU0 post-overhead vram_bytes = 25.80 GiB
ds4: GPU1 original vram_bytes = 29.79 GiB
ds4: GPU1 post-overhead vram_bytes = 25.80 GiB
ds4: GPU2 original vram_bytes = 29.79 GiB
ds4: GPU2 post-overhead vram_bytes = 25.80 GiB
ds4: GPU3 original vram_bytes = 29.79 GiB
ds4: GPU3 post-overhead vram_bytes = 25.80 GiB
ds4: ROCm backend initialized on AMD Radeon AI Pro R9700 dev=0 (tier 0)
ds4: ROCm backend initialized on AMD Radeon AI Pro R9700 dev=1 (tier 1)
ds4: ROCm backend initialized on AMD Radeon AI Pro R9700 dev=2 (tier 2)
ds4: ROCm backend initialized on AMD Radeon AI Pro R9700 dev=3 (tier 3)
ds4: ROCm peer access tier 0<->1: direct
ds4: ROCm peer access tier 0<->2: direct
ds4: ROCm peer access tier 0<->3: direct
ds4: ROCm backend initialized on AMD Radeon AI Pro R9700 (sm_120)
multi-GPU layout:
  GPU0: layers 0-12 + embedding  (25.0 / 25.8 GB)
  GPU1: layers 13-25  (24.1 / 25.8 GB)
  GPU2: layers 26-38  (24.1 / 25.8 GB)
  GPU3: layers 39-42 + output head  (7.9 / 25.8 GB)
ds4: per-tier graph scratch reserved: 3.99 GiB (pre-subtracted from each GPU budget)
ds4: peer access matrix (validated): 0->1 DIRECT 0->2 DIRECT 0->3 DIRECT 1->0 DIRECT 1->2 DIRECT 1->3 DIRECT 2->0 DIRECT 2->1 DIRECT 2->3 DIRECT 3->0 DIRECT 3->1 DIRECT 3->2 DIRECT
ds4: CUDA tier 0 (device 0) selective weights: 24.93 GiB in 393 ranges
ds4: CUDA tier 1 (device 1) selective weights: 23.95 GiB in 400 ranges
ds4: CUDA tier 2 (device 2) selective weights: 23.98 GiB in 406 ranges
ds4: CUDA tier 3 (device 3) selective weights: 7.90 GiB in 129 ranges
ds4: ROCm q8 fp16 cache budget exhausted; using q8 kernels (request=16.00 MiB cached=0.19 GiB free=0.58 GiB reserve=1.59 GiB total=31.86 GiB)
case_000 cases=1 prompt=17 target=24 avg_nll=0.386105 lcp=0 api_target_mae=0.386105 api_top_coverage=100/120 api_top1=0.792 api_topn=0.340 api_pair=0.961
case_001 cases=2 prompt=18 target=24 avg_nll=0.244502 lcp=18 api_target_mae=0.244502 api_top_coverage=100/120 api_top1=0.917 api_topn=0.260 api_pair=1.000
case_002 cases=3 prompt=19 target=24 avg_nll=0.256950 lcp=0 api_target_mae=0.256950 api_top_coverage=96/120 api_top1=0.875 api_topn=0.260 api_pair=1.000
case_003 cases=4 prompt=19 target=24 avg_nll=0.346139 lcp=13 api_target_mae=0.346139 api_top_coverage=97/120 api_top1=0.958 api_topn=0.247 api_pair=1.000
case_004 cases=5 prompt=15 target=24 avg_nll=0.781585 lcp=2 api_target_mae=0.781585 api_top_coverage=97/120 api_top1=0.625 api_topn=0.278 api_pair=1.000
case_005 cases=6 prompt=14 target=24 avg_nll=0.052709 lcp=24 api_target_mae=0.052709 api_top_coverage=96/120 api_top1=1.000 api_topn=0.250 api_pair=1.000
case_006 cases=7 prompt=18 target=24 avg_nll=0.483946 lcp=4 api_target_mae=0.483946 api_top_coverage=98/120 api_top1=0.833 api_topn=0.276 api_pair=1.000
case_007 cases=8 prompt=14 target=24 avg_nll=0.468606 lcp=0 api_target_mae=0.468606 api_top_coverage=119/120 api_top1=0.917 api_topn=0.798 api_pair=0.979
case_008 cases=9 prompt=20 target=24 avg_nll=0.334697 lcp=7 api_target_mae=0.334697 api_top_coverage=97/120 api_top1=0.875 api_topn=0.258 api_pair=1.000
case_009 cases=10 prompt=17 target=24 avg_nll=0.219076 lcp=11 api_target_mae=0.219076 api_top_coverage=106/120 api_top1=0.917 api_topn=0.453 api_pair=1.000
case_010 cases=11 prompt=26 target=24 avg_nll=0.240771 lcp=0 api_target_mae=0.240771 api_top_coverage=96/120 api_top1=0.833 api_topn=0.250 api_pair=1.000
case_011 cases=12 prompt=21 target=24 avg_nll=0.203371 lcp=19 api_target_mae=0.203371 api_top_coverage=98/120 api_top1=0.917 api_topn=0.255 api_pair=1.000
case_012 cases=13 prompt=22 target=24 avg_nll=0.276635 lcp=0 api_target_mae=0.276635 api_top_coverage=100/120 api_top1=0.875 api_topn=0.260 api_pair=0.987
case_013 cases=14 prompt=22 target=24 avg_nll=0.409452 lcp=0 api_target_mae=0.409452 api_top_coverage=97/120 api_top1=0.875 api_topn=0.289 api_pair=0.959
case_014 cases=15 prompt=21 target=24 avg_nll=0.619401 lcp=0 api_target_mae=0.619401 api_top_coverage=98/120 api_top1=0.833 api_topn=0.265 api_pair=0.959
case_015 cases=16 prompt=22 target=24 avg_nll=0.043641 lcp=24 api_target_mae=0.043641 api_top_coverage=96/120 api_top1=1.000 api_topn=0.250 api_pair=1.000
case_016 cases=17 prompt=19 target=24 avg_nll=0.399413 lcp=2 api_target_mae=0.399413 api_top_coverage=97/120 api_top1=0.875 api_topn=0.268 api_pair=1.000
case_017 cases=18 prompt=26 target=24 avg_nll=0.318578 lcp=0 api_target_mae=0.318578 api_top_coverage=96/120 api_top1=0.875 api_topn=0.260 api_pair=0.986
case_018 cases=19 prompt=25 target=24 avg_nll=0.147035 lcp=12 api_target_mae=0.147035 api_top_coverage=115/120 api_top1=0.958 api_topn=0.704 api_pair=0.989
case_019 cases=20 prompt=19 target=24 avg_nll=0.312930 lcp=13 api_target_mae=0.312930 api_top_coverage=98/120 api_top1=0.875 api_topn=0.265 api_pair=1.000
case_020 cases=21 prompt=18 target=24 avg_nll=0.312693 lcp=0 api_target_mae=0.312693 api_top_coverage=96/120 api_top1=0.917 api_topn=0.250 api_pair=1.000
case_021 cases=22 prompt=18 target=24 avg_nll=0.016465 lcp=24 api_target_mae=0.016465 api_top_coverage=96/120 api_top1=1.000 api_topn=0.250 api_pair=1.000
case_022 cases=23 prompt=16 target=24 avg_nll=0.417876 lcp=3 api_target_mae=0.417876 api_top_coverage=100/120 api_top1=0.875 api_topn=0.260 api_pair=1.000
case_023 cases=24 prompt=14 target=24 avg_nll=0.554039 lcp=0 api_target_mae=0.554039 api_top_coverage=114/120 api_top1=0.750 api_topn=0.675 api_pair=0.935
case_024 cases=25 prompt=15 target=24 avg_nll=0.432813 lcp=1 api_target_mae=0.432813 api_top_coverage=102/120 api_top1=0.917 api_topn=0.314 api_pair=0.987
case_025 cases=26 prompt=20 target=24 avg_nll=0.144582 lcp=21 api_target_mae=0.144582 api_top_coverage=97/120 api_top1=0.958 api_topn=0.278 api_pair=1.000
case_026 cases=27 prompt=17 target=24 avg_nll=0.216724 lcp=16 api_target_mae=0.216724 api_top_coverage=98/120 api_top1=0.917 api_topn=0.245 api_pair=1.000
case_027 cases=28 prompt=14 target=24 avg_nll=0.791211 lcp=7 api_target_mae=0.791211 api_top_coverage=97/120 api_top1=0.792 api_topn=0.268 api_pair=1.000
case_028 cases=29 prompt=16 target=24 avg_nll=0.651016 lcp=4 api_target_mae=0.651016 api_top_coverage=97/120 api_top1=0.708 api_topn=0.268 api_pair=1.000
case_029 cases=30 prompt=18 target=24 avg_nll=0.584775 lcp=6 api_target_mae=0.584775 api_top_coverage=119/120 api_top1=0.875 api_topn=0.748 api_pair=0.937
case_030 cases=31 prompt=23 target=24 avg_nll=0.374667 lcp=0 api_target_mae=0.374667 api_top_coverage=97/120 api_top1=0.917 api_topn=0.278 api_pair=0.945
case_031 cases=32 prompt=22 target=24 avg_nll=0.029511 lcp=24 api_target_mae=0.029511 api_top_coverage=97/120 api_top1=1.000 api_topn=0.278 api_pair=1.000
case_032 cases=33 prompt=18 target=24 avg_nll=0.372279 lcp=0 api_target_mae=0.372279 api_top_coverage=97/120 api_top1=0.875 api_topn=0.258 api_pair=0.986
case_033 cases=34 prompt=15 target=24 avg_nll=0.454017 lcp=0 api_target_mae=0.454017 api_top_coverage=97/120 api_top1=0.792 api_topn=0.278 api_pair=0.986
case_034 cases=35 prompt=22 target=24 avg_nll=0.128329 lcp=17 api_target_mae=0.128329 api_top_coverage=97/120 api_top1=0.958 api_topn=0.278 api_pair=1.000
case_035 cases=36 prompt=23 target=24 avg_nll=0.341074 lcp=1 api_target_mae=0.341074 api_top_coverage=96/120 api_top1=0.833 api_topn=0.250 api_pair=1.000
case_036 cases=37 prompt=21 target=24 avg_nll=0.312743 lcp=17 api_target_mae=0.312743 api_top_coverage=96/120 api_top1=0.875 api_topn=0.260 api_pair=1.000
case_037 cases=38 prompt=18 target=24 avg_nll=0.525288 lcp=0 api_target_mae=0.525288 api_top_coverage=97/120 api_top1=0.792 api_topn=0.289 api_pair=0.986
case_038 cases=39 prompt=26 target=24 avg_nll=0.266683 lcp=2 api_target_mae=0.266683 api_top_coverage=97/120 api_top1=0.875 api_topn=0.247 api_pair=1.000
case_039 cases=40 prompt=23 target=24 avg_nll=0.702045 lcp=0 api_target_mae=0.702045 api_top_coverage=99/120 api_top1=0.750 api_topn=0.253 api_pair=0.987
case_040 cases=41 prompt=21 target=24 avg_nll=0.284122 lcp=9 api_target_mae=0.284122 api_top_coverage=99/120 api_top1=0.833 api_topn=0.283 api_pair=1.000
case_041 cases=42 prompt=15 target=24 avg_nll=0.642585 lcp=5 api_target_mae=0.642585 api_top_coverage=101/120 api_top1=0.750 api_topn=0.248 api_pair=0.987
case_042 cases=43 prompt=14 target=24 avg_nll=0.483189 lcp=1 api_target_mae=0.483189 api_top_coverage=100/120 api_top1=0.833 api_topn=0.280 api_pair=1.000
case_043 cases=44 prompt=18 target=24 avg_nll=0.063297 lcp=24 api_target_mae=0.063297 api_top_coverage=100/120 api_top1=1.000 api_topn=0.260 api_pair=1.000
case_044 cases=45 prompt=20 target=24 avg_nll=0.326409 lcp=0 api_target_mae=0.326409 api_top_coverage=98/120 api_top1=0.875 api_topn=0.265 api_pair=0.986
case_045 cases=46 prompt=18 target=24 avg_nll=0.487651 lcp=3 api_target_mae=0.487651 api_top_coverage=100/120 api_top1=0.708 api_topn=0.250 api_pair=1.000
case_046 cases=47 prompt=19 target=24 avg_nll=0.498718 lcp=0 api_target_mae=0.498718 api_top_coverage=99/120 api_top1=0.875 api_topn=0.293 api_pair=0.974
case_047 cases=48 prompt=16 target=24 avg_nll=0.393921 lcp=0 api_target_mae=0.393921 api_top_coverage=100/120 api_top1=0.833 api_topn=0.280 api_pair=0.987
case_048 cases=49 prompt=18 target=24 avg_nll=0.357515 lcp=1 api_target_mae=0.357515 api_top_coverage=96/120 api_top1=0.875 api_topn=0.250 api_pair=1.000
case_049 cases=50 prompt=18 target=24 avg_nll=0.449633 lcp=7 api_target_mae=0.449633 api_top_coverage=96/120 api_top1=0.792 api_topn=0.250 api_pair=1.000
case_050 cases=51 prompt=27 target=24 avg_nll=0.255556 lcp=11 api_target_mae=0.255556 api_top_coverage=97/120 api_top1=0.917 api_topn=0.258 api_pair=1.000
case_051 cases=52 prompt=21 target=24 avg_nll=0.242016 lcp=6 api_target_mae=0.242016 api_top_coverage=120/120 api_top1=0.917 api_topn=0.733 api_pair=0.979
case_052 cases=53 prompt=19 target=24 avg_nll=0.700405 lcp=0 api_target_mae=0.700405 api_top_coverage=119/120 api_top1=0.625 api_topn=0.790 api_pair=0.908
case_053 cases=54 prompt=22 target=24 avg_nll=0.190624 lcp=11 api_target_mae=0.190624 api_top_coverage=120/120 api_top1=0.917 api_topn=0.783 api_pair=0.979
case_054 cases=55 prompt=24 target=24 avg_nll=0.095016 lcp=0 api_target_mae=0.095016 api_top_coverage=96/120 api_top1=0.958 api_topn=0.250 api_pair=1.000
case_055 cases=56 prompt=25 target=24 avg_nll=1.059794 lcp=0 api_target_mae=1.059794 api_top_coverage=96/120 api_top1=0.667 api_topn=0.250 api_pair=0.986
case_056 cases=57 prompt=18 target=24 avg_nll=0.607817 lcp=0 api_target_mae=0.607817 api_top_coverage=97/120 api_top1=0.833 api_topn=0.237 api_pair=1.000
case_057 cases=58 prompt=22 target=24 avg_nll=0.398882 lcp=0 api_target_mae=0.398882 api_top_coverage=98/120 api_top1=0.833 api_topn=0.276 api_pair=0.973
case_058 cases=59 prompt=25 target=24 avg_nll=0.210902 lcp=4 api_target_mae=0.210902 api_top_coverage=97/120 api_top1=0.833 api_topn=0.268 api_pair=1.000
case_059 cases=60 prompt=23 target=24 avg_nll=0.556547 lcp=0 api_target_mae=0.556547 api_top_coverage=96/120 api_top1=0.833 api_topn=0.240 api_pair=1.000
case_060 cases=61 prompt=17 target=24 avg_nll=0.060776 lcp=19 api_target_mae=0.060776 api_top_coverage=97/120 api_top1=0.958 api_topn=0.278 api_pair=1.000
case_061 cases=62 prompt=16 target=24 avg_nll=0.426343 lcp=5 api_target_mae=0.426343 api_top_coverage=97/120 api_top1=0.833 api_topn=0.268 api_pair=0.986
case_062 cases=63 prompt=14 target=24 avg_nll=0.468558 lcp=14 api_target_mae=0.468558 api_top_coverage=97/120 api_top1=0.833 api_topn=0.299 api_pair=1.000
case_063 cases=64 prompt=15 target=24 avg_nll=0.127342 lcp=11 api_target_mae=0.127342 api_top_coverage=97/120 api_top1=0.958 api_topn=0.268 api_pair=1.000
case_064 cases=65 prompt=12 target=24 avg_nll=0.394217 lcp=7 api_target_mae=0.394217 api_top_coverage=97/120 api_top1=0.875 api_topn=0.247 api_pair=1.000
case_065 cases=66 prompt=15 target=24 avg_nll=0.317701 lcp=1 api_target_mae=0.317701 api_top_coverage=97/120 api_top1=0.875 api_topn=0.247 api_pair=1.000
case_066 cases=67 prompt=16 target=24 avg_nll=0.529498 lcp=7 api_target_mae=0.529498 api_top_coverage=99/120 api_top1=0.750 api_topn=0.263 api_pair=1.000
case_067 cases=68 prompt=17 target=24 avg_nll=0.341962 lcp=6 api_target_mae=0.341962 api_top_coverage=98/120 api_top1=0.833 api_topn=0.296 api_pair=1.000
case_068 cases=69 prompt=17 target=24 avg_nll=0.872266 lcp=3 api_target_mae=0.872266 api_top_coverage=99/120 api_top1=0.708 api_topn=0.232 api_pair=1.000
case_069 cases=70 prompt=18 target=24 avg_nll=0.378988 lcp=1 api_target_mae=0.378988 api_top_coverage=99/120 api_top1=0.875 api_topn=0.273 api_pair=1.000
case_070 cases=71 prompt=24 target=24 avg_nll=0.201506 lcp=3 api_target_mae=0.201506 api_top_coverage=97/120 api_top1=0.917 api_topn=0.278 api_pair=1.000
case_071 cases=72 prompt=24 target=24 avg_nll=0.540086 lcp=0 api_target_mae=0.540086 api_top_coverage=97/120 api_top1=0.792 api_topn=0.247 api_pair=1.000
case_072 cases=73 prompt=17 target=24 avg_nll=0.273734 lcp=0 api_target_mae=0.273734 api_top_coverage=97/120 api_top1=0.917 api_topn=0.289 api_pair=0.959
case_073 cases=74 prompt=15 target=24 avg_nll=0.162568 lcp=6 api_target_mae=0.162568 api_top_coverage=97/120 api_top1=0.917 api_topn=0.278 api_pair=1.000
case_074 cases=75 prompt=15 target=24 avg_nll=0.349768 lcp=0 api_target_mae=0.349768 api_top_coverage=96/120 api_top1=0.875 api_topn=0.260 api_pair=0.986
case_075 cases=76 prompt=16 target=24 avg_nll=0.193414 lcp=6 api_target_mae=0.193414 api_top_coverage=97/120 api_top1=0.917 api_topn=0.268 api_pair=1.000
case_076 cases=77 prompt=22 target=24 avg_nll=0.083811 lcp=24 api_target_mae=0.083811 api_top_coverage=97/120 api_top1=1.000 api_topn=0.289 api_pair=1.000
case_077 cases=78 prompt=24 target=24 avg_nll=0.160918 lcp=12 api_target_mae=0.160918 api_top_coverage=96/120 api_top1=0.958 api_topn=0.250 api_pair=1.000
case_078 cases=79 prompt=28 target=24 avg_nll=0.745741 lcp=0 api_target_mae=0.745741 api_top_coverage=97/120 api_top1=0.833 api_topn=0.278 api_pair=0.973
case_079 cases=80 prompt=20 target=24 avg_nll=0.447377 lcp=4 api_target_mae=0.447377 api_top_coverage=99/120 api_top1=0.833 api_topn=0.263 api_pair=1.000
case_080 cases=81 prompt=13 target=24 avg_nll=0.863425 lcp=0 api_target_mae=0.863425 api_top_coverage=119/120 api_top1=0.667 api_topn=0.765 api_pair=0.888
case_081 cases=82 prompt=13 target=24 avg_nll=0.352745 lcp=0 api_target_mae=0.352745 api_top_coverage=99/120 api_top1=0.833 api_topn=0.273 api_pair=0.987
case_082 cases=83 prompt=16 target=24 avg_nll=0.142092 lcp=9 api_target_mae=0.142092 api_top_coverage=97/120 api_top1=0.958 api_topn=0.289 api_pair=1.000
case_083 cases=84 prompt=19 target=17 avg_nll=0.002467 lcp=17 api_target_mae=0.002467 api_top_coverage=68/85 api_top1=1.000 api_topn=0.265 api_pair=1.000
case_084 cases=85 prompt=23 target=11 avg_nll=0.281647 lcp=0 api_target_mae=0.281647 api_top_coverage=45/55 api_top1=0.818 api_topn=0.289 api_pair=0.971
case_085 cases=86 prompt=18 target=24 avg_nll=0.224763 lcp=11 api_target_mae=0.224763 api_top_coverage=97/120 api_top1=0.875 api_topn=0.278 api_pair=1.000
case_086 cases=87 prompt=16 target=24 avg_nll=0.542790 lcp=8 api_target_mae=0.542790 api_top_coverage=96/120 api_top1=0.750 api_topn=0.250 api_pair=1.000
case_087 cases=88 prompt=12 target=24 avg_nll=0.258748 lcp=3 api_target_mae=0.258748 api_top_coverage=97/120 api_top1=0.875 api_topn=0.299 api_pair=1.000
case_088 cases=89 prompt=14 target=24 avg_nll=0.497831 lcp=4 api_target_mae=0.497831 api_top_coverage=97/120 api_top1=0.792 api_topn=0.278 api_pair=1.000
case_089 cases=90 prompt=12 target=24 avg_nll=0.182303 lcp=3 api_target_mae=0.182303 api_top_coverage=98/120 api_top1=0.917 api_topn=0.265 api_pair=1.000
case_090 cases=91 prompt=17 target=24 avg_nll=0.510560 lcp=0 api_target_mae=0.510560 api_top_coverage=96/120 api_top1=0.750 api_topn=0.260 api_pair=1.000
case_091 cases=92 prompt=14 target=24 avg_nll=0.939427 lcp=0 api_target_mae=0.939427 api_top_coverage=96/120 api_top1=0.667 api_topn=0.271 api_pair=1.000
case_092 cases=93 prompt=15 target=24 avg_nll=0.126529 lcp=20 api_target_mae=0.126529 api_top_coverage=97/120 api_top1=0.917 api_topn=0.268 api_pair=1.000
case_093 cases=94 prompt=17 target=24 avg_nll=0.637824 lcp=0 api_target_mae=0.637824 api_top_coverage=99/120 api_top1=0.792 api_topn=0.263 api_pair=0.960
case_094 cases=95 prompt=16 target=1 avg_nll=4.308921 lcp=0 api_target_mae=4.308921 api_top_coverage=5/5 api_top1=0.000 api_topn=0.400 api_pair=0.750
case_095 cases=96 prompt=17 target=13 avg_nll=0.035110 lcp=13 api_target_mae=0.035110 api_top_coverage=52/65 api_top1=1.000 api_topn=0.250 api_pair=1.000
case_096 cases=97 prompt=15 target=6 avg_nll=0.197915 lcp=6 api_target_mae=0.197915 api_top_coverage=24/30 api_top1=1.000 api_topn=0.250 api_pair=1.000
case_097 cases=98 prompt=22 target=10 avg_nll=0.000963 lcp=10 api_target_mae=0.000963 api_top_coverage=49/50 api_top1=1.000 api_topn=0.776 api_pair=1.000
case_098 cases=99 prompt=20 target=8 avg_nll=0.089597 lcp=8 api_target_mae=0.089597 api_top_coverage=38/40 api_top1=1.000 api_topn=0.632 api_pair=1.000
case_099 cases=100 prompt=22 target=15 avg_nll=0.357317 lcp=14 api_target_mae=0.357317 api_top_coverage=60/75 api_top1=0.933 api_topn=0.267 api_pair=1.000
summary cases=100 tokens=2289 avg_nll=0.371869416 first_match=65 avg_lcp=6.290
api_summary ref_tokens=2289 target_tokens=2289 target_mae=0.371869416 target_mean_delta=-0.371869416 top_items=11445 top_mapped=9484 top_coverage=0.828658803 top1_match=1972/2289 top1_rate=0.861511577 topn_hit=3046/9484 topn_recall=0.321172501 top_logprob_count=9484 top_mae=7566.542756183 top_mean_delta=7566.363251946 pair_agree=7127/7207 pair_rate=0.988899681
