ds4: GPU config: 4 devices [0,1,2,3] requested, budgets 30,30,30,30 GB; auto=true
ds4: Linux rocm backend set oom_score_adj=1000
ds4: ROCm backend initialized on AMD Radeon AI Pro R9700 dev=0 (tier 0)
ds4: ROCm backend initialized on AMD Radeon AI Pro R9700 dev=1 (tier 1)
ds4: ROCm backend initialized on AMD Radeon AI Pro R9700 dev=2 (tier 2)
ds4: ROCm backend initialized on AMD Radeon AI Pro R9700 dev=3 (tier 3)
ds4: ROCm peer access tier 0<->1: direct
ds4: ROCm peer access tier 0<->2: direct
ds4: ROCm peer access tier 0<->3: direct
ds4: ROCm backend initialized on AMD Radeon AI Pro R9700 (sm_120)
multi-GPU layout:
  GPU0: layers 0-20 + embedding  (22.1 / 27.8 GB)
  GPU1: layers 21-42 + output head  (22.1 / 27.8 GB)
  GPU2: (no transformer layers)  (0.0 / 27.8 GB)
  GPU3: (no transformer layers)  (0.0 / 27.8 GB)
ds4: per-tier graph scratch reserved: 2.00 GiB (pre-subtracted from each GPU budget)
ds4: peer access matrix (validated): 0->1 DIRECT 0->2 DIRECT 0->3 DIRECT 1->0 DIRECT 1->2 DIRECT 1->3 DIRECT 2->0 DIRECT 2->1 DIRECT 2->3 DIRECT 3->0 DIRECT 3->1 DIRECT 3->2 DIRECT
ds4: CUDA decode TP half-resident routed experts enabled ([0,128) home, [128,256) partner); other layer tensors remain replicated
ds4: CUDA output TP stores one vocabulary shard per tier (4 ways)
ds4: CUDA tier 0 (device 0) selective weights: 22.09 GiB in 642 ranges
ds4: CUDA tier 1 (device 1) selective weights: 22.13 GiB in 687 ranges
ds4: CUDA tier 2 (device 2) selective weights: 21.10 GiB in 641 ranges
ds4: CUDA tier 3 (device 3) selective weights: 22.13 GiB in 683 ranges
ds4-bench: context buffers 233.95 MiB (ctx=2305, backend=rocm, prefill_chunk=2048, raw_kv_rows=2304, compressed_kv_rows=578)
ds4: CUDA routed MoE expert ownership enabled (half-resident decode and prefill)
ds4: CUDA decode TP enabled: pairing lower-half tiers with upper-half tiers
ds4: ROCm loading model tensors into device cache
ds4: ROCm q8 fp16 cache budget exhausted; using q8 kernels (request=64.00 MiB cached=5.97 GiB free=4.05 GiB reserve=4.00 GiB total=31.86 GiB)
