ds4: Linux rocm backend set oom_score_adj=1000
ds4: ROCm backend initialized on AMD Radeon AI Pro R9700 dev=0 (tier 0)
ds4: ROCm backend initialized on AMD Radeon AI Pro R9700 dev=1 (tier 1)
ds4: ROCm backend initialized on AMD Radeon AI Pro R9700 dev=2 (tier 2)
ds4: ROCm backend initialized on AMD Radeon AI Pro R9700 dev=3 (tier 3)
ds4: ROCm peer access tier 0<->1: direct
ds4: ROCm peer access tier 0<->2: direct
ds4: ROCm peer access tier 0<->3: direct
ds4: ROCm backend initialized on AMD Radeon AI Pro R9700 (sm_120)
multi-GPU layout:
  GPU0: layers 0-20 + embedding  (22.1 / 27.8 GB)
  GPU1: layers 21-42 + output head  (22.1 / 27.8 GB)
  GPU2: (no transformer layers)  (0.0 / 27.8 GB)
  GPU3: (no transformer layers)  (0.0 / 27.8 GB)
ds4: per-tier graph scratch reserved: 2.00 GiB (pre-subtracted from each GPU budget)
ds4: peer access matrix (validated): 0->1 DIRECT 0->2 DIRECT 0->3 DIRECT 1->0 DIRECT 1->2 DIRECT 1->3 DIRECT 2->0 DIRECT 2->1 DIRECT 2->3 DIRECT 3->0 DIRECT 3->1 DIRECT 3->2 DIRECT
ds4: CUDA decode TP half-resident routed experts enabled ([0,128) home, [128,256) partner); other layer tensors remain replicated
ds4: CUDA output TP stores one vocabulary shard per tier (4 ways)
ds4: CUDA tier 0 (device 0) selective weights: 22.09 GiB in 642 ranges
ds4: CUDA tier 1 (device 1) selective weights: 22.13 GiB in 687 ranges
ds4: CUDA tier 2 (device 2) selective weights: 21.10 GiB in 641 ranges
ds4: CUDA tier 3 (device 3) selective weights: 22.13 GiB in 683 ranges
ds4: CUDA routed MoE expert ownership enabled (half-resident decode and prefill)
ds4: CUDA decode TP enabled: pairing lower-half tiers with upper-half tiers
ds4: ROCm loading model tensors into device cache
ds4: ROCm q8 fp16 cache budget exhausted; using q8 kernels (request=64.00 MiB cached=5.97 GiB free=4.05 GiB reserve=4.00 GiB total=31.86 GiB)
case_000 cases=1 prompt=17 target=24 avg_nll=0.432576 lcp=0 api_target_mae=0.432576 api_top_coverage=100/120 api_top1=0.875 api_topn=0.340 api_pair=0.961
case_001 cases=2 prompt=18 target=24 avg_nll=0.278902 lcp=18 api_target_mae=0.278902 api_top_coverage=100/120 api_top1=0.917 api_topn=0.260 api_pair=1.000
case_002 cases=3 prompt=19 target=24 avg_nll=0.256701 lcp=0 api_target_mae=0.256701 api_top_coverage=96/120 api_top1=0.875 api_topn=0.260 api_pair=1.000
case_003 cases=4 prompt=19 target=24 avg_nll=0.369734 lcp=0 api_target_mae=0.369734 api_top_coverage=97/120 api_top1=0.917 api_topn=0.247 api_pair=1.000
case_004 cases=5 prompt=15 target=24 avg_nll=0.728471 lcp=2 api_target_mae=0.728471 api_top_coverage=97/120 api_top1=0.625 api_topn=0.278 api_pair=1.000
case_005 cases=6 prompt=14 target=24 avg_nll=0.039354 lcp=24 api_target_mae=0.039354 api_top_coverage=96/120 api_top1=1.000 api_topn=0.250 api_pair=1.000
case_006 cases=7 prompt=18 target=24 avg_nll=0.465085 lcp=2 api_target_mae=0.465085 api_top_coverage=98/120 api_top1=0.750 api_topn=0.276 api_pair=1.000
case_007 cases=8 prompt=14 target=24 avg_nll=0.494179 lcp=0 api_target_mae=0.494179 api_top_coverage=119/120 api_top1=0.875 api_topn=0.790 api_pair=0.968
case_008 cases=9 prompt=20 target=24 avg_nll=0.329838 lcp=12 api_target_mae=0.329838 api_top_coverage=97/120 api_top1=0.875 api_topn=0.258 api_pair=1.000
case_009 cases=10 prompt=17 target=24 avg_nll=0.208221 lcp=11 api_target_mae=0.208221 api_top_coverage=106/120 api_top1=0.917 api_topn=0.443 api_pair=1.000
case_010 cases=11 prompt=26 target=24 avg_nll=0.295421 lcp=0 api_target_mae=0.295421 api_top_coverage=96/120 api_top1=0.875 api_topn=0.250 api_pair=1.000
case_011 cases=12 prompt=21 target=24 avg_nll=0.222136 lcp=19 api_target_mae=0.222136 api_top_coverage=98/120 api_top1=0.917 api_topn=0.255 api_pair=1.000
case_012 cases=13 prompt=22 target=24 avg_nll=0.258265 lcp=0 api_target_mae=0.258265 api_top_coverage=100/120 api_top1=0.875 api_topn=0.260 api_pair=0.987
case_013 cases=14 prompt=22 target=24 avg_nll=0.386869 lcp=0 api_target_mae=0.386869 api_top_coverage=97/120 api_top1=0.875 api_topn=0.289 api_pair=0.959
case_014 cases=15 prompt=21 target=24 avg_nll=0.634418 lcp=0 api_target_mae=0.634418 api_top_coverage=98/120 api_top1=0.833 api_topn=0.276 api_pair=0.959
case_015 cases=16 prompt=22 target=24 avg_nll=0.046857 lcp=24 api_target_mae=0.046857 api_top_coverage=96/120 api_top1=1.000 api_topn=0.250 api_pair=1.000
case_016 cases=17 prompt=19 target=24 avg_nll=0.394203 lcp=2 api_target_mae=0.394203 api_top_coverage=97/120 api_top1=0.875 api_topn=0.268 api_pair=1.000
case_017 cases=18 prompt=26 target=24 avg_nll=0.395952 lcp=0 api_target_mae=0.395952 api_top_coverage=96/120 api_top1=0.875 api_topn=0.260 api_pair=0.986
case_018 cases=19 prompt=25 target=24 avg_nll=0.155145 lcp=12 api_target_mae=0.155145 api_top_coverage=115/120 api_top1=0.917 api_topn=0.704 api_pair=0.989
case_019 cases=20 prompt=19 target=24 avg_nll=0.291502 lcp=18 api_target_mae=0.291502 api_top_coverage=98/120 api_top1=0.917 api_topn=0.265 api_pair=1.000
case_020 cases=21 prompt=18 target=24 avg_nll=0.362264 lcp=0 api_target_mae=0.362264 api_top_coverage=96/120 api_top1=0.917 api_topn=0.240 api_pair=1.000
case_021 cases=22 prompt=18 target=24 avg_nll=0.017279 lcp=24 api_target_mae=0.017279 api_top_coverage=96/120 api_top1=1.000 api_topn=0.250 api_pair=1.000
case_022 cases=23 prompt=16 target=24 avg_nll=0.422040 lcp=3 api_target_mae=0.422040 api_top_coverage=100/120 api_top1=0.875 api_topn=0.260 api_pair=1.000
case_023 cases=24 prompt=14 target=24 avg_nll=0.571359 lcp=0 api_target_mae=0.571359 api_top_coverage=114/120 api_top1=0.750 api_topn=0.675 api_pair=0.925
case_024 cases=25 prompt=15 target=24 avg_nll=0.412067 lcp=1 api_target_mae=0.412067 api_top_coverage=102/120 api_top1=0.917 api_topn=0.314 api_pair=0.987
case_025 cases=26 prompt=20 target=24 avg_nll=0.144387 lcp=21 api_target_mae=0.144387 api_top_coverage=97/120 api_top1=0.958 api_topn=0.278 api_pair=1.000
case_026 cases=27 prompt=17 target=24 avg_nll=0.219988 lcp=16 api_target_mae=0.219988 api_top_coverage=98/120 api_top1=0.917 api_topn=0.245 api_pair=1.000
case_027 cases=28 prompt=14 target=24 avg_nll=0.703651 lcp=7 api_target_mae=0.703651 api_top_coverage=97/120 api_top1=0.792 api_topn=0.268 api_pair=1.000
case_028 cases=29 prompt=16 target=24 avg_nll=0.602751 lcp=4 api_target_mae=0.602751 api_top_coverage=97/120 api_top1=0.708 api_topn=0.268 api_pair=1.000
case_029 cases=30 prompt=18 target=24 avg_nll=0.567043 lcp=6 api_target_mae=0.567043 api_top_coverage=119/120 api_top1=0.875 api_topn=0.756 api_pair=0.937
case_030 cases=31 prompt=23 target=24 avg_nll=0.374408 lcp=0 api_target_mae=0.374408 api_top_coverage=97/120 api_top1=0.917 api_topn=0.289 api_pair=0.945
case_031 cases=32 prompt=22 target=24 avg_nll=0.027245 lcp=24 api_target_mae=0.027245 api_top_coverage=97/120 api_top1=1.000 api_topn=0.278 api_pair=1.000
case_032 cases=33 prompt=18 target=24 avg_nll=0.396125 lcp=0 api_target_mae=0.396125 api_top_coverage=97/120 api_top1=0.833 api_topn=0.247 api_pair=0.986
case_033 cases=34 prompt=15 target=24 avg_nll=0.432706 lcp=0 api_target_mae=0.432706 api_top_coverage=97/120 api_top1=0.792 api_topn=0.278 api_pair=0.986
case_034 cases=35 prompt=22 target=24 avg_nll=0.131021 lcp=17 api_target_mae=0.131021 api_top_coverage=97/120 api_top1=0.958 api_topn=0.278 api_pair=1.000
case_035 cases=36 prompt=23 target=24 avg_nll=0.406104 lcp=1 api_target_mae=0.406104 api_top_coverage=96/120 api_top1=0.833 api_topn=0.250 api_pair=1.000
case_036 cases=37 prompt=21 target=24 avg_nll=0.360832 lcp=13 api_target_mae=0.360832 api_top_coverage=96/120 api_top1=0.833 api_topn=0.260 api_pair=1.000
case_037 cases=38 prompt=18 target=24 avg_nll=0.558854 lcp=0 api_target_mae=0.558854 api_top_coverage=97/120 api_top1=0.792 api_topn=0.289 api_pair=0.959
case_038 cases=39 prompt=26 target=24 avg_nll=0.295055 lcp=0 api_target_mae=0.295055 api_top_coverage=97/120 api_top1=0.833 api_topn=0.258 api_pair=1.000
case_039 cases=40 prompt=23 target=24 avg_nll=0.690182 lcp=0 api_target_mae=0.690182 api_top_coverage=99/120 api_top1=0.750 api_topn=0.253 api_pair=0.987
case_040 cases=41 prompt=21 target=24 avg_nll=0.274583 lcp=9 api_target_mae=0.274583 api_top_coverage=99/120 api_top1=0.875 api_topn=0.283 api_pair=1.000
case_041 cases=42 prompt=15 target=24 avg_nll=0.637539 lcp=5 api_target_mae=0.637539 api_top_coverage=101/120 api_top1=0.750 api_topn=0.248 api_pair=0.987
case_042 cases=43 prompt=14 target=24 avg_nll=0.505519 lcp=1 api_target_mae=0.505519 api_top_coverage=100/120 api_top1=0.833 api_topn=0.280 api_pair=1.000
case_043 cases=44 prompt=18 target=24 avg_nll=0.069762 lcp=24 api_target_mae=0.069762 api_top_coverage=100/120 api_top1=1.000 api_topn=0.260 api_pair=1.000
case_044 cases=45 prompt=20 target=24 avg_nll=0.303276 lcp=0 api_target_mae=0.303276 api_top_coverage=98/120 api_top1=0.875 api_topn=0.265 api_pair=0.986
case_045 cases=46 prompt=18 target=24 avg_nll=0.471718 lcp=3 api_target_mae=0.471718 api_top_coverage=100/120 api_top1=0.750 api_topn=0.250 api_pair=1.000
case_046 cases=47 prompt=19 target=24 avg_nll=0.596910 lcp=0 api_target_mae=0.596910 api_top_coverage=99/120 api_top1=0.792 api_topn=0.283 api_pair=0.974
case_047 cases=48 prompt=16 target=24 avg_nll=0.400051 lcp=0 api_target_mae=0.400051 api_top_coverage=100/120 api_top1=0.833 api_topn=0.290 api_pair=0.987
case_048 cases=49 prompt=18 target=24 avg_nll=0.332242 lcp=1 api_target_mae=0.332242 api_top_coverage=96/120 api_top1=0.875 api_topn=0.250 api_pair=1.000
case_049 cases=50 prompt=18 target=24 avg_nll=0.420030 lcp=7 api_target_mae=0.420030 api_top_coverage=96/120 api_top1=0.875 api_topn=0.250 api_pair=1.000
case_050 cases=51 prompt=27 target=24 avg_nll=0.260485 lcp=11 api_target_mae=0.260485 api_top_coverage=97/120 api_top1=0.917 api_topn=0.258 api_pair=1.000
case_051 cases=52 prompt=21 target=24 avg_nll=0.311611 lcp=6 api_target_mae=0.311611 api_top_coverage=120/120 api_top1=0.917 api_topn=0.758 api_pair=0.979
case_052 cases=53 prompt=19 target=24 avg_nll=0.539988 lcp=0 api_target_mae=0.539988 api_top_coverage=119/120 api_top1=0.667 api_topn=0.807 api_pair=0.918
case_053 cases=54 prompt=22 target=24 avg_nll=0.184251 lcp=11 api_target_mae=0.184251 api_top_coverage=120/120 api_top1=0.917 api_topn=0.783 api_pair=0.979
case_054 cases=55 prompt=24 target=24 avg_nll=0.075710 lcp=24 api_target_mae=0.075710 api_top_coverage=96/120 api_top1=1.000 api_topn=0.250 api_pair=1.000
case_055 cases=56 prompt=25 target=24 avg_nll=1.005774 lcp=2 api_target_mae=1.005774 api_top_coverage=96/120 api_top1=0.667 api_topn=0.250 api_pair=1.000
case_056 cases=57 prompt=18 target=24 avg_nll=0.605453 lcp=0 api_target_mae=0.605453 api_top_coverage=97/120 api_top1=0.833 api_topn=0.237 api_pair=1.000
case_057 cases=58 prompt=22 target=24 avg_nll=0.409829 lcp=0 api_target_mae=0.409829 api_top_coverage=98/120 api_top1=0.833 api_topn=0.276 api_pair=0.973
case_058 cases=59 prompt=25 target=24 avg_nll=0.225956 lcp=4 api_target_mae=0.225956 api_top_coverage=97/120 api_top1=0.833 api_topn=0.268 api_pair=1.000
case_059 cases=60 prompt=23 target=24 avg_nll=0.583858 lcp=0 api_target_mae=0.583858 api_top_coverage=96/120 api_top1=0.833 api_topn=0.240 api_pair=1.000
case_060 cases=61 prompt=17 target=24 avg_nll=0.059470 lcp=19 api_target_mae=0.059470 api_top_coverage=97/120 api_top1=0.958 api_topn=0.278 api_pair=1.000
case_061 cases=62 prompt=16 target=24 avg_nll=0.437179 lcp=5 api_target_mae=0.437179 api_top_coverage=97/120 api_top1=0.833 api_topn=0.268 api_pair=0.986
case_062 cases=63 prompt=14 target=24 avg_nll=0.440902 lcp=14 api_target_mae=0.440902 api_top_coverage=97/120 api_top1=0.833 api_topn=0.299 api_pair=1.000
case_063 cases=64 prompt=15 target=24 avg_nll=0.126159 lcp=11 api_target_mae=0.126159 api_top_coverage=97/120 api_top1=0.958 api_topn=0.268 api_pair=1.000
case_064 cases=65 prompt=12 target=24 avg_nll=0.386225 lcp=7 api_target_mae=0.386225 api_top_coverage=97/120 api_top1=0.875 api_topn=0.247 api_pair=1.000
case_065 cases=66 prompt=15 target=24 avg_nll=0.325734 lcp=1 api_target_mae=0.325734 api_top_coverage=97/120 api_top1=0.875 api_topn=0.247 api_pair=1.000
case_066 cases=67 prompt=16 target=24 avg_nll=0.543154 lcp=7 api_target_mae=0.543154 api_top_coverage=99/120 api_top1=0.750 api_topn=0.263 api_pair=1.000
case_067 cases=68 prompt=17 target=24 avg_nll=0.350821 lcp=6 api_target_mae=0.350821 api_top_coverage=98/120 api_top1=0.833 api_topn=0.296 api_pair=1.000
case_068 cases=69 prompt=17 target=24 avg_nll=0.739686 lcp=3 api_target_mae=0.739686 api_top_coverage=99/120 api_top1=0.708 api_topn=0.253 api_pair=1.000
case_069 cases=70 prompt=18 target=24 avg_nll=0.377665 lcp=1 api_target_mae=0.377665 api_top_coverage=99/120 api_top1=0.875 api_topn=0.273 api_pair=1.000
case_070 cases=71 prompt=24 target=24 avg_nll=0.176666 lcp=3 api_target_mae=0.176666 api_top_coverage=97/120 api_top1=0.917 api_topn=0.289 api_pair=1.000
case_071 cases=72 prompt=24 target=24 avg_nll=0.548350 lcp=0 api_target_mae=0.548350 api_top_coverage=97/120 api_top1=0.792 api_topn=0.258 api_pair=1.000
case_072 cases=73 prompt=17 target=24 avg_nll=0.260091 lcp=0 api_target_mae=0.260091 api_top_coverage=97/120 api_top1=0.917 api_topn=0.289 api_pair=0.973
case_073 cases=74 prompt=15 target=24 avg_nll=0.214730 lcp=6 api_target_mae=0.214730 api_top_coverage=97/120 api_top1=0.917 api_topn=0.278 api_pair=1.000
case_074 cases=75 prompt=15 target=24 avg_nll=0.415520 lcp=0 api_target_mae=0.415520 api_top_coverage=96/120 api_top1=0.875 api_topn=0.260 api_pair=0.986
case_075 cases=76 prompt=16 target=24 avg_nll=0.162795 lcp=6 api_target_mae=0.162795 api_top_coverage=97/120 api_top1=0.917 api_topn=0.268 api_pair=1.000
case_076 cases=77 prompt=22 target=24 avg_nll=0.064606 lcp=24 api_target_mae=0.064606 api_top_coverage=97/120 api_top1=1.000 api_topn=0.289 api_pair=1.000
case_077 cases=78 prompt=24 target=24 avg_nll=0.163010 lcp=12 api_target_mae=0.163010 api_top_coverage=96/120 api_top1=0.958 api_topn=0.250 api_pair=1.000
case_078 cases=79 prompt=28 target=24 avg_nll=0.783618 lcp=0 api_target_mae=0.783618 api_top_coverage=97/120 api_top1=0.833 api_topn=0.268 api_pair=0.973
case_079 cases=80 prompt=20 target=24 avg_nll=0.455010 lcp=4 api_target_mae=0.455010 api_top_coverage=99/120 api_top1=0.875 api_topn=0.273 api_pair=1.000
case_080 cases=81 prompt=13 target=24 avg_nll=0.847590 lcp=0 api_target_mae=0.847590 api_top_coverage=119/120 api_top1=0.625 api_topn=0.756 api_pair=0.867
case_081 cases=82 prompt=13 target=24 avg_nll=0.353691 lcp=15 api_target_mae=0.353691 api_top_coverage=99/120 api_top1=0.875 api_topn=0.273 api_pair=1.000
case_082 cases=83 prompt=16 target=24 avg_nll=0.124102 lcp=9 api_target_mae=0.124102 api_top_coverage=97/120 api_top1=0.958 api_topn=0.278 api_pair=1.000
case_083 cases=84 prompt=19 target=17 avg_nll=0.002085 lcp=17 api_target_mae=0.002085 api_top_coverage=68/85 api_top1=1.000 api_topn=0.265 api_pair=1.000
case_084 cases=85 prompt=23 target=11 avg_nll=0.335837 lcp=0 api_target_mae=0.335837 api_top_coverage=45/55 api_top1=0.818 api_topn=0.289 api_pair=0.971
case_085 cases=86 prompt=18 target=24 avg_nll=0.222570 lcp=11 api_target_mae=0.222570 api_top_coverage=97/120 api_top1=0.875 api_topn=0.278 api_pair=1.000
case_086 cases=87 prompt=16 target=24 avg_nll=0.537253 lcp=6 api_target_mae=0.537253 api_top_coverage=96/120 api_top1=0.708 api_topn=0.250 api_pair=1.000
case_087 cases=88 prompt=12 target=24 avg_nll=0.258617 lcp=3 api_target_mae=0.258617 api_top_coverage=97/120 api_top1=0.917 api_topn=0.299 api_pair=1.000
case_088 cases=89 prompt=14 target=24 avg_nll=0.497098 lcp=4 api_target_mae=0.497098 api_top_coverage=97/120 api_top1=0.792 api_topn=0.278 api_pair=1.000
case_089 cases=90 prompt=12 target=24 avg_nll=0.167102 lcp=3 api_target_mae=0.167102 api_top_coverage=98/120 api_top1=0.917 api_topn=0.265 api_pair=1.000
case_090 cases=91 prompt=17 target=24 avg_nll=0.493065 lcp=2 api_target_mae=0.493065 api_top_coverage=96/120 api_top1=0.875 api_topn=0.260 api_pair=1.000
case_091 cases=92 prompt=14 target=24 avg_nll=1.021342 lcp=0 api_target_mae=1.021342 api_top_coverage=96/120 api_top1=0.667 api_topn=0.260 api_pair=1.000
case_092 cases=93 prompt=15 target=24 avg_nll=0.117888 lcp=20 api_target_mae=0.117888 api_top_coverage=97/120 api_top1=0.917 api_topn=0.258 api_pair=1.000
case_093 cases=94 prompt=17 target=24 avg_nll=0.560861 lcp=0 api_target_mae=0.560861 api_top_coverage=99/120 api_top1=0.750 api_topn=0.263 api_pair=0.960
case_094 cases=95 prompt=16 target=1 avg_nll=4.639075 lcp=0 api_target_mae=4.639075 api_top_coverage=5/5 api_top1=0.000 api_topn=0.400 api_pair=0.750
case_095 cases=96 prompt=17 target=13 avg_nll=0.037004 lcp=13 api_target_mae=0.037004 api_top_coverage=52/65 api_top1=1.000 api_topn=0.250 api_pair=1.000
case_096 cases=97 prompt=15 target=6 avg_nll=0.226832 lcp=6 api_target_mae=0.226832 api_top_coverage=24/30 api_top1=1.000 api_topn=0.250 api_pair=1.000
case_097 cases=98 prompt=22 target=10 avg_nll=0.000683 lcp=10 api_target_mae=0.000683 api_top_coverage=49/50 api_top1=1.000 api_topn=0.816 api_pair=1.000
case_098 cases=99 prompt=20 target=8 avg_nll=0.063053 lcp=8 api_target_mae=0.063053 api_top_coverage=38/40 api_top1=1.000 api_topn=0.737 api_pair=1.000
case_099 cases=100 prompt=22 target=15 avg_nll=0.352081 lcp=14 api_target_mae=0.352081 api_top_coverage=60/75 api_top1=0.933 api_topn=0.267 api_pair=1.000
summary cases=100 tokens=2289 avg_nll=0.372142659 first_match=67 avg_lcp=6.590
api_summary ref_tokens=2289 target_tokens=2289 target_mae=0.372142659 target_mean_delta=-0.372142659 top_items=11445 top_mapped=9484 top_coverage=0.828658803 top1_match=1975/2289 top1_rate=0.862822193 topn_hit=3057/9484 topn_recall=0.322332349 top_logprob_count=9484 top_mae=7566.542543194 top_mean_delta=7566.362907061 pair_agree=7125/7207 pair_rate=0.988622173
