ds4: GPU config: 4 devices [0,1,2,3] requested, budgets 30,30,30,30 GB; auto=true
ds4: Linux rocm backend set oom_score_adj=1000
ds4: ROCm backend initialized on AMD Radeon AI Pro R9700 dev=0 (tier 0)
ds4: ROCm backend initialized on AMD Radeon AI Pro R9700 dev=1 (tier 1)
ds4: ROCm backend initialized on AMD Radeon AI Pro R9700 dev=2 (tier 2)
ds4: ROCm backend initialized on AMD Radeon AI Pro R9700 dev=3 (tier 3)
ds4: ROCm peer access tier 0<->1: direct
ds4: ROCm peer access tier 0<->2: direct
ds4: ROCm peer access tier 0<->3: direct
ds4: ROCm backend initialized on AMD Radeon AI Pro R9700 (sm_120)
multi-GPU layout:
  GPU0: layers 0-42 + embedding + output head  (24.3 / 27.7 GB)
  GPU1: (no transformer layers)  (0.0 / 27.7 GB)
  GPU2: (no transformer layers)  (0.0 / 27.7 GB)
  GPU3: (no transformer layers)  (0.0 / 27.7 GB)
ds4: per-tier graph scratch reserved: 2.11 GiB (pre-subtracted from each GPU budget)
ds4: peer access matrix (validated): 0->1 DIRECT 0->2 DIRECT 0->3 DIRECT 1->0 DIRECT 1->2 DIRECT 1->3 DIRECT 2->0 DIRECT 2->1 DIRECT 2->3 DIRECT 3->0 DIRECT 3->1 DIRECT 3->2 DIRECT
ds4: ROCm TP=4 placement: all 4 tiers hold every layer, sharded tensors split 4-way per rank
ds4: CUDA tier 0 (device 0) selective weights: 23.80 GiB in 1328 ranges
ds4: CUDA tier 1 (device 1) selective weights: 23.80 GiB in 1328 ranges
ds4: CUDA tier 2 (device 2) selective weights: 23.80 GiB in 1328 ranges
ds4: CUDA tier 3 (device 3) selective weights: 23.80 GiB in 1328 ranges
ds4: memory: KV 0.61 GiB (raw 0.19 + compressed 0.42) + buffers 0.13 GiB = 0.74 GiB context
ds4: memory detail: ctx=32768 prefill_cap=2048 raw_kv_rows=2304 compressed_kv_rows=8194 backend=rocm
ds4: CUDA routed MoE expert ownership enabled (half-resident decode and prefill)
ds4: ROCm TP=4 enabled: all 4 tiers active (single-stage all-replicated)
ds4: ROCm loading model tensors into device cache
ds4: ROCm q8 fp16 cache budget exhausted; using q8 kernels (request=16.00 MiB cached=0.12 GiB free=3.39 GiB reserve=4.00 GiB total=31.86 GiB)
ds4: ROCm model arena alloc failed for moe_gate (320.00 MiB chunk): out of memory
WeМы - +r.  -ка (шу. each.  and  (sXw (i.e..i.  is ( i..the (d. i. (ihim. (i.e.(They. i. (si))i..the.i.d..i. (i (i..i. (i. j (.i. j. i. ( dij (i.j. ( (teleText (. i. j.z.ck..u. i. (j. ( present. i karma..]
 *  i. i..i.  i. j. j. j. j (i.+j. ( (('. i.  _gUl.  dj. 2j.  [. 3jjj. i.. i, 4. j.  *
.#. *  i (s. ( (.  eks: . i. i and i..
ds4: prefill: 0.78 t/s, generation: 2.13 t/s
